I'm sorry, but errors were detected in your script. Please correct the
errors listed below, and try again.


File "game/BattleScript.rpy", line 50: invalid syntax
        call event_LevelUp([10, 0.5])
              ^

Ren'Py Version: Ren'Py 8.1.3.23091805
Sun Sep 29 12:41:58 2024
